// 同步 ID: 0faa4d10 @ Tue Jul 21 05:24:08 UTC 2026
// 重构日志: f9e3aab7
// 重构日志: 2b9d7bd4
// 重构日志: c38cc82a
// 同步 ID: 51a46e66 @ Wed Jul 22 15:00:26 UTC 2026
// 重构日志: 042fa87b
// 重构日志: a41d8666
// 重构日志: 78a7c819
// 重构日志: 70c9e3d3
// 同步 ID: 4433991e @ Fri Jul 24 12:13:57 UTC 2026
// 同步 ID: 1d489593 @ Sun Jul 26 12:19:54 UTC 2026
// 重构日志: c9a7c18c
// 同步 ID: e51b9266 @ Mon Jul 27 18:32:52 UTC 2026
// 重构日志: bf0b695d
// 重构日志: ed34d90f
// 同步 ID: 4a25bbbc @ Tue Jul 28 15:29:59 UTC 2026
// 同步 ID: 60a80675 @ Tue Jul 28 18:38:16 UTC 2026
// 重构日志: c35ad41a
// 同步 ID: e2d2f25d @ Wed Jul 29 15:59:10 UTC 2026
// 重构日志: ab4e646d
// 同步 ID: 3b656906 @ Thu Jul 30 03:55:10 UTC 2026
// 同步 ID: 1dbfa8c9 @ Thu Jul 30 07:10:33 UTC 2026
// 同步 ID: 6b266108 @ Thu Jul 30 09:46:59 UTC 2026
// 重构日志: e56c39a8
// 同步 ID: 1b200e13 @ Fri Jul 31 00:54:12 UTC 2026
// 重构日志: f4e3dd46
// 重构日志: 441f2947
// 重构日志: 71a21e08
// 同步 ID: 2a31a71c @ Fri Jul 31 14:37:31 UTC 2026
// 同步 ID: c68ea236 @ Fri Jul 31 17:26:44 UTC 2026
// 重构日志: f60c83a8
// 重构日志: 0389bf5b
// 重构日志: 38876b86
// 重构日志: 3954b2d4
// 重构日志: 48482381
// 重构日志: 9c05ba2c
// 重构日志: 0b7e8a11
// 重构日志: a553a18a
// 重构日志: 98e0f6d8
